[01] 20807 units, 165 hybrid individuals in 20 populations
[01] unit F_ST tertile breaks: 0.216, 0.288
[01] Chr1: 1542 units, 1188111 pairs (317092 <= 2 Mb)
[01] Chr2: 1621 units, 1313010 pairs (323878 <= 2 Mb)
[01] Chr3: 692 units, 239086 pairs (60877 <= 2 Mb)
[01] Chr4: 1308 units, 854778 pairs (262117 <= 2 Mb)
[01] Chr5: 858 units, 367653 pairs (122849 <= 2 Mb)
[01] Chr6: 951 units, 451725 pairs (185815 <= 2 Mb)
[01] Chr7: 1032 units, 531996 pairs (218782 <= 2 Mb)
[01] Chr8: 751 units, 281625 pairs (151607 <= 2 Mb)
[01] Chr9: 1101 units, 605550 pairs (246499 <= 2 Mb)
[01] Chr10: 723 units, 261003 pairs (143911 <= 2 Mb)
[01] Chr11: 840 units, 352380 pairs (166330 <= 2 Mb)
[01] Chr12: 869 units, 377146 pairs (167361 <= 2 Mb)
[01] Chr13: 885 units, 391170 pairs (161030 <= 2 Mb)
[01] Chr14: 822 units, 337431 pairs (193266 <= 2 Mb)
[01] Chr15: 728 units, 264628 pairs (127847 <= 2 Mb)
[01] Chr16: 482 units, 115921 pairs (80832 <= 2 Mb)
[01] Chr17: 758 units, 286903 pairs (162542 <= 2 Mb)
[01] Chr18: 716 units, 255970 pairs (146336 <= 2 Mb)
[01] Chr19: 434 units, 93961 pairs (59177 <= 2 Mb)
[01] Chr20: 566 units, 159895 pairs (101094 <= 2 Mb)
[01] Chr21: 777 units, 301476 pairs (154878 <= 2 Mb)
[01] Chr22: 662 units, 218791 pairs (145708 <= 2 Mb)
[01] Chr24: 450 units, 101025 pairs (59085 <= 2 Mb)
[01] Chr25: 541 units, 146070 pairs (93945 <= 2 Mb)
[01] Chr26: 319 units, 50721 pairs (42412 <= 2 Mb)
[01] Chr27: 379 units, 71631 pairs (59380 <= 2 Mb)
[01] within-chromosome pairs with zero map distance (excluded from cM bins only): 21,886
[01] cross-chromosome pairs: 206,776,551
[01] done
