
[02] all pairs, by physical distance (mean [95% block-bootstrap CI]):
Key: <bin>
         bin               among_LD                ceiling
      <fctr>                 <char>                 <char>
1:     0-5kb 0.0220 [0.0213,0.0227] 0.0907 [0.0888,0.0925]
2:    5-20kb 0.0104 [0.0099,0.0108] 0.0904 [0.0887,0.0923]
3:  20-100kb 0.0066 [0.0064,0.0069] 0.0908 [0.0891,0.0926]
4: 100-500kb 0.0056 [0.0054,0.0058] 0.0911 [0.0893,0.0930]
5:   0.5-2Mb 0.0053 [0.0051,0.0055] 0.0909 [0.0892,0.0928]
6:    2-10Mb 0.0052 [0.0051,0.0054] 0.0911 [0.0891,0.0935]
7:     >10Mb 0.0052 [0.0050,0.0054] 0.0916 [0.0878,0.0954]
8:  unlinked 0.0052 [0.0051,0.0053] 0.0908 [0.0893,0.0924]
                     conc                conc_resid               realised
                   <char>                    <char>                 <char>
1: 0.4065 [0.3998,0.4126]    0.3872 [0.3806,0.3937] 0.2428 [0.2387,0.2471]
2: 0.2020 [0.1944,0.2093]    0.1755 [0.1687,0.1822] 0.1146 [0.1111,0.1180]
3: 0.0990 [0.0929,0.1056]    0.0684 [0.0641,0.0728] 0.0726 [0.0708,0.0747]
4: 0.0564 [0.0514,0.0616]    0.0240 [0.0209,0.0273] 0.0614 [0.0606,0.0623]
5: 0.0379 [0.0333,0.0428]    0.0050 [0.0024,0.0080] 0.0582 [0.0575,0.0589]
6: 0.0335 [0.0296,0.0374]    0.0013 [0.0001,0.0026] 0.0572 [0.0567,0.0576]
7: 0.0312 [0.0148,0.0407]   0.0017 [-0.0039,0.0053] 0.0569 [0.0554,0.0576]
8: 0.0328 [0.0297,0.0359] -0.0004 [-0.0007,-0.0000] 0.0571 [0.0568,0.0574]
                within_LD          within_LD_adj
                   <char>                 <char>
1: 0.1829 [0.1789,0.1867] 0.1828 [0.1788,0.1866]
2: 0.0626 [0.0605,0.0648] 0.0625 [0.0604,0.0647]
3: 0.0300 [0.0294,0.0306] 0.0300 [0.0294,0.0306]
4: 0.0206 [0.0202,0.0210] 0.0206 [0.0202,0.0210]
5: 0.0117 [0.0115,0.0119] 0.0117 [0.0115,0.0119]
6: 0.0082 [0.0081,0.0084] 0.0083 [0.0081,0.0084]
7: 0.0081 [0.0078,0.0084] 0.0081 [0.0078,0.0085]
8: 0.0080 [0.0080,0.0081] 0.0081 [0.0080,0.0081]
[02] done
