[03] covariate balance (means):
                set   FST log_recomb parent_diff density100k
             <char> <num>      <num>       <num>       <num>
1: anchors (sorted) 0.293       1.23       0.725          24
2: matched controls 0.289       1.24       0.730          24
3:     all unsorted 0.254       1.34       0.828          25
[03] 1577 anchors (1213 aquilonia, 364 polyctena); 7885 control draws from 5079 unique unsorted units

[03] anchor - control difference by distance (all sorted anchors):
          stat       bin anchor control                      diff
        <char>    <fctr>  <num>   <num>                    <char>
 1:       conc     0-5kb 0.3589  0.4226 -0.0637 [-0.0848,-0.0449]
 2:       conc    5-20kb 0.2001  0.2213 -0.0212 [-0.0354,-0.0074]
 3:       conc  20-100kb 0.1102  0.1123  -0.0021 [-0.0148,0.0097]
 4:       conc 100-500kb 0.0603  0.0649  -0.0046 [-0.0136,0.0035]
 5:       conc   0.5-2Mb 0.0353  0.0410  -0.0057 [-0.0129,0.0012]
 6: conc_resid     0-5kb 0.3395  0.4012 -0.0617 [-0.0847,-0.0423]
 7: conc_resid    5-20kb 0.1747  0.1950 -0.0203 [-0.0348,-0.0067]
 8: conc_resid  20-100kb 0.0828  0.0811   0.0018 [-0.0120,0.0143]
 9: conc_resid 100-500kb 0.0337  0.0323   0.0014 [-0.0067,0.0090]
10: conc_resid   0.5-2Mb 0.0085  0.0079   0.0006 [-0.0059,0.0075]
11:        r_w     0-5kb 0.2882  0.3664 -0.0782 [-0.0890,-0.0668]
12:        r_w    5-20kb 0.1326  0.1670 -0.0344 [-0.0454,-0.0240]
13:        r_w  20-100kb 0.0493  0.0635 -0.0142 [-0.0204,-0.0084]
14:        r_w 100-500kb 0.0169  0.0204  -0.0035 [-0.0078,0.0009]
15:        r_w   0.5-2Mb 0.0029  0.0064 -0.0035 [-0.0061,-0.0013]
16:    r_w_adj     0-5kb 0.2881  0.3662 -0.0780 [-0.0893,-0.0664]
17:    r_w_adj    5-20kb 0.1324  0.1667 -0.0343 [-0.0456,-0.0238]
18:    r_w_adj  20-100kb 0.0492  0.0634 -0.0142 [-0.0203,-0.0086]
19:    r_w_adj 100-500kb 0.0169  0.0203  -0.0034 [-0.0076,0.0009]
20:    r_w_adj   0.5-2Mb 0.0028  0.0064 -0.0036 [-0.0061,-0.0013]
21:   r_w_poly     0-5kb 0.4245  0.4378  -0.0133 [-0.0315,0.0042]
22:   r_w_poly    5-20kb 0.2062  0.2053   0.0009 [-0.0156,0.0165]
23:   r_w_poly  20-100kb 0.0822  0.0802   0.0020 [-0.0088,0.0131]
24:   r_w_poly 100-500kb 0.0288  0.0263   0.0026 [-0.0043,0.0102]
25:   r_w_poly   0.5-2Mb 0.0050  0.0085 -0.0036 [-0.0074,-0.0003]
          stat       bin anchor control                      diff
        <char>    <fctr>  <num>   <num>                    <char>
[03] done
