[06] near-neutral units: 9122 (DI <= -90: 9225; of which pooled parental MAF >= 0.15: 9122); 165 hybrids in 20 populations

[06] mean Nei-type G: near-neutral 0.044 vs DI25 0.301

[06] DI25 vs near-neutral, by genetic distance:
Key: <qty, bin>
               qty        bin ancestry-informative (DI > -25)
            <char>     <fctr>                          <char>
 1:        ceiling     <0.001          0.0855 [0.0758,0.0967]
 2:        ceiling 0.001-0.01          0.0901 [0.0862,0.0938]
 3:        ceiling  0.01-0.05          0.0928 [0.0900,0.0956]
 4:        ceiling   0.05-0.2          0.0905 [0.0884,0.0925]
 5:        ceiling      0.2-1          0.0922 [0.0903,0.0941]
 6:        ceiling        1-5          0.0915 [0.0899,0.0932]
 7:        ceiling      >5 cM          0.0910 [0.0891,0.0931]
 8:        ceiling   unlinked          0.0908 [0.0893,0.0924]
 9:       realised     <0.001          0.2133 [0.1714,0.2794]
10:       realised 0.001-0.01          0.2168 [0.2030,0.2330]
11:       realised  0.01-0.05          0.1897 [0.1783,0.2007]
12:       realised   0.05-0.2          0.1475 [0.1420,0.1526]
13:       realised      0.2-1          0.0843 [0.0818,0.0869]
14:       realised        1-5          0.0650 [0.0636,0.0664]
15:       realised      >5 cM          0.0576 [0.0572,0.0582]
16:       realised   unlinked          0.0571 [0.0568,0.0574]
17: realised_share     <0.001          0.1694 [0.1252,0.2392]
18: realised_share 0.001-0.01          0.1733 [0.1588,0.1905]
19: realised_share  0.01-0.05          0.1447 [0.1327,0.1564]
20: realised_share   0.05-0.2          0.1001 [0.0943,0.1055]
21: realised_share      0.2-1          0.0334 [0.0308,0.0361]
22: realised_share        1-5          0.0130 [0.0116,0.0146]
23: realised_share      >5 cM          0.0053 [0.0048,0.0059]
24: realised_share   unlinked          0.0047 [0.0044,0.0050]
25:  within_LD_adj     <0.001          0.1557 [0.1139,0.2318]
26:  within_LD_adj 0.001-0.01          0.1591 [0.1469,0.1726]
27:  within_LD_adj  0.01-0.05          0.1373 [0.1299,0.1438]
28:  within_LD_adj   0.05-0.2          0.0919 [0.0880,0.0962]
29:  within_LD_adj      0.2-1          0.0386 [0.0376,0.0395]
30:  within_LD_adj        1-5          0.0247 [0.0241,0.0252]
31:  within_LD_adj      >5 cM          0.0100 [0.0097,0.0105]
32:  within_LD_adj   unlinked          0.0081 [0.0080,0.0081]
               qty        bin ancestry-informative (DI > -25)
            <char>     <fctr>                          <char>
    near-neutral (DI <= -90)
                      <char>
 1:   0.0037 [0.0009,0.0072]
 2:   0.0032 [0.0010,0.0120]
 3:   0.0052 [0.0010,0.0165]
 4:   0.0015 [0.0009,0.0036]
 5:   0.0010 [0.0008,0.0017]
 6:   0.0011 [0.0009,0.0016]
 7:   0.0035 [0.0028,0.0043]
 8:   0.0019 [0.0015,0.0025]
 9:   0.3237 [0.2993,0.3698]
10:   0.1284 [0.1032,0.2510]
11:   0.0635 [0.0560,0.1124]
12:   0.0697 [0.0582,0.0860]
13:   0.0653 [0.0623,0.0689]
14:   0.0738 [0.0601,0.0826]
15:   0.0580 [0.0571,0.0590]
16:   0.0596 [0.0585,0.0607]
17:   0.2863 [0.2605,0.3349]
18:   0.0799 [0.0533,0.2093]
19:   0.0110 [0.0031,0.0627]
20:   0.0181 [0.0060,0.0354]
21:   0.0134 [0.0102,0.0172]
22:   0.0224 [0.0079,0.0317]
23:   0.0057 [0.0047,0.0067]
24:   0.0073 [0.0062,0.0085]
25:   0.2839 [0.2507,0.3207]
26:   0.0521 [0.0281,0.1333]
27:   0.0163 [0.0125,0.0223]
28:   0.0094 [0.0082,0.0118]
29:   0.0079 [0.0075,0.0084]
30:   0.0089 [0.0074,0.0097]
31:   0.0073 [0.0072,0.0074]
32:   0.0074 [0.0073,0.0075]
    near-neutral (DI <= -90)
                      <char>
[06] done
