
[mosaic] mean within-species r^2: empirical parents vs mosaic founders (columns = switches per cM; n = 15):
Key: <species>
      species                        bin empirical      0   0.02   0.05    0.1
       <char>                     <char>     <num>  <num>  <num>  <num>  <num>
 1: aquilonia                     <0.001    0.4143 0.4893 0.4626 0.5054 0.4879
 2: aquilonia                 0.001-0.01    0.2707 0.3322 0.3366 0.3484 0.3422
 3: aquilonia                  0.01-0.05    0.1775 0.2319 0.2341 0.2368 0.2335
 4: aquilonia                   0.05-0.2    0.1280 0.1813 0.1789 0.1805 0.1774
 5: aquilonia                      0.2-1    0.0944 0.1464 0.1444 0.1416 0.1387
 6: aquilonia                        1-5    0.0806 0.1318 0.1235 0.1161 0.1064
 7: aquilonia                      >5 cM    0.0791 0.1293 0.0824 0.0753 0.0726
 8: aquilonia                   unlinked    0.0788 0.0715 0.0715 0.0714 0.0714
 9: aquilonia      <5kb same sim cluster    0.2665 0.3292 0.3288 0.3349 0.3322
10: aquilonia <5kb different sim cluster    0.1596 0.2140 0.2105 0.2147 0.2124
11: polyctena                     <0.001    0.2930 0.3322 0.3367 0.3618 0.3443
12: polyctena                 0.001-0.01    0.2395 0.3043 0.2968 0.3044 0.2988
13: polyctena                  0.01-0.05    0.2162 0.2777 0.2749 0.2768 0.2750
14: polyctena                   0.05-0.2    0.1522 0.2116 0.2082 0.2100 0.2075
15: polyctena                      0.2-1    0.1031 0.1594 0.1554 0.1539 0.1490
16: polyctena                        1-5    0.0908 0.1456 0.1359 0.1268 0.1137
17: polyctena                      >5 cM    0.0858 0.1392 0.0845 0.0760 0.0730
18: polyctena                   unlinked    0.0856 0.0714 0.0714 0.0715 0.0715
19: polyctena      <5kb same sim cluster    0.3073 0.3726 0.3715 0.3734 0.3707
20: polyctena <5kb different sim cluster    0.1984 0.2615 0.2565 0.2561 0.2595
      species                        bin empirical      0   0.02   0.05    0.1
       <char>                     <char>     <num>  <num>  <num>  <num>  <num>
       0.2    0.5      1      2
     <num>  <num>  <num>  <num>
 1: 0.5084 0.4629 0.5087 0.4892
 2: 0.3361 0.3387 0.3395 0.3485
 3: 0.2303 0.2294 0.2281 0.2227
 4: 0.1791 0.1707 0.1590 0.1480
 5: 0.1330 0.1176 0.1007 0.0850
 6: 0.0919 0.0774 0.0730 0.0716
 7: 0.0717 0.0715 0.0714 0.0714
 8: 0.0714 0.0714 0.0714 0.0714
 9: 0.3299 0.3254 0.3183 0.3067
10: 0.2115 0.2061 0.1995 0.1900
11: 0.3597 0.3561 0.3640 0.3370
12: 0.2986 0.2964 0.3023 0.2970
13: 0.2761 0.2734 0.2695 0.2585
14: 0.2052 0.1957 0.1843 0.1638
15: 0.1422 0.1229 0.1044 0.0869
16: 0.0975 0.0792 0.0730 0.0717
17: 0.0718 0.0714 0.0714 0.0714
18: 0.0715 0.0714 0.0714 0.0714
19: 0.3688 0.3624 0.3513 0.3387
20: 0.2559 0.2490 0.2391 0.2247
       0.2    0.5      1      2
     <num>  <num>  <num>  <num>

[mosaic] mean pairwise genotype identity among founders (empirical parents: aquilonia 0.863, polyctena 0.704 )
Key: <species>
     species     0  0.02  0.05   0.1   0.2   0.5     1     2
      <char> <num> <num> <num> <num> <num> <num> <num> <num>
1: aquilonia 0.871 0.872 0.871 0.872 0.872 0.872 0.872 0.872
2: polyctena 0.723 0.723 0.722 0.723 0.723 0.723 0.722 0.723
[mosaic] done
